0 verbose cli /Users/chirag/.nvm/versions/node/v22.19.0/bin/node /Users/chirag/.nvm/versions/node/v22.19.0/bin/npm
1 info using npm@11.6.0
2 info using node@v22.19.0
3 silly config load:file:/Users/chirag/.nvm/versions/node/v22.19.0/lib/node_modules/npm/npmrc
4 silly config load:file:/Users/chirag/Desktop/chirag/webSdkPlayground/.npmrc
5 silly config load:file:/Users/chirag/.npmrc
6 verbose config error loading user config Error: EPERM: operation not permitted, open '/Users/chirag/.npmrc'
6 verbose config     at async open (node:internal/fs/promises:641:25)
6 verbose config     at async readFile (node:internal/fs/promises:1245:14)
6 verbose config     at async #loadFile (/Users/chirag/.nvm/versions/node/v22.19.0/lib/node_modules/npm/node_modules/@npmcli/config/lib/index.js:635:5)
6 verbose config     at async Config.load (/Users/chirag/.nvm/versions/node/v22.19.0/lib/node_modules/npm/node_modules/@npmcli/config/lib/index.js:259:5)
6 verbose config     at async #load (/Users/chirag/.nvm/versions/node/v22.19.0/lib/node_modules/npm/lib/npm.js:99:5)
6 verbose config     at async Npm.load (/Users/chirag/.nvm/versions/node/v22.19.0/lib/node_modules/npm/lib/npm.js:81:14)
6 verbose config     at async module.exports (/Users/chirag/.nvm/versions/node/v22.19.0/lib/node_modules/npm/lib/cli/entry.js:35:37) {
6 verbose config   errno: -1,
6 verbose config   code: 'EPERM',
6 verbose config   syscall: 'open',
6 verbose config   path: '/Users/chirag/.npmrc'
6 verbose config }
7 silly config load:file:/Users/chirag/.nvm/versions/node/v22.19.0/etc/npmrc
8 verbose title npm install survey-core survey-react-ui survey-creator-core survey-creator-react
9 verbose argv "install" "--cache" "/Users/chirag/Desktop/chirag/webSdkPlayground/.npm-cache" "survey-core" "survey-react-ui" "survey-creator-core" "survey-creator-react"
10 verbose logfile logs-max:10 dir:/Users/chirag/Desktop/chirag/webSdkPlayground/.npm-cache/_logs/2026-08-12T09_48_28_993Z-
11 verbose logfile /Users/chirag/Desktop/chirag/webSdkPlayground/.npm-cache/_logs/2026-08-12T09_48_28_993Z-debug-0.log
12 silly logfile done cleaning log files
13 silly packumentCache heap:4345298944 maxSize:1086324736 maxEntrySize:543162368
14 silly idealTree buildDeps
15 silly fetch manifest survey-core@^3.0.0
16 silly packumentCache full:https://registry.npmjs.org/survey-core cache-miss
17 verbose shrinkwrap failed to load node_modules/.package-lock.json out of date, updated: node_modules
18 http fetch GET 200 https://registry.npmjs.org/survey-core 171ms (cache miss)
19 silly packumentCache full:https://registry.npmjs.org/survey-core set size:undefined disposed:false
20 silly fetch manifest survey-creator-core@^3.0.0
21 silly packumentCache full:https://registry.npmjs.org/survey-creator-core cache-miss
22 http fetch GET 200 https://registry.npmjs.org/npm 249ms
23 http fetch GET 200 https://registry.npmjs.org/survey-creator-core 196ms (cache miss)
24 silly packumentCache full:https://registry.npmjs.org/survey-creator-core set size:undefined disposed:false
25 silly fetch manifest survey-creator-react@^3.0.0
26 silly packumentCache full:https://registry.npmjs.org/survey-creator-react cache-miss
27 http fetch GET 200 https://registry.npmjs.org/survey-creator-react 289ms (cache miss)
28 silly packumentCache full:https://registry.npmjs.org/survey-creator-react set size:undefined disposed:false
29 silly fetch manifest survey-react-ui@^3.0.0
30 silly packumentCache full:https://registry.npmjs.org/survey-react-ui cache-miss
31 http fetch GET 200 https://registry.npmjs.org/survey-react-ui 288ms (cache miss)
32 silly packumentCache full:https://registry.npmjs.org/survey-react-ui set size:undefined disposed:false
33 silly placeDep ROOT survey-core@3.0.0 REPLACE for: test-personal@0.1.0 want: ^3.0.0
34 silly placeDep ROOT survey-creator-core@3.0.0 REPLACE for: test-personal@0.1.0 want: ^3.0.0
35 silly placeDep ROOT survey-creator-react@3.0.0 REPLACE for: test-personal@0.1.0 want: ^3.0.0
36 silly placeDep ROOT survey-react-ui@3.0.0 REPLACE for: test-personal@0.1.0 want: ^3.0.0
37 silly reify moves {}
38 verbose reify failed optional dependency /Users/chirag/Desktop/chirag/webSdkPlayground/node_modules/@tailwindcss/oxide-wasm32-wasi
39 silly reify mark deleted [
39 silly reify   '/Users/chirag/Desktop/chirag/webSdkPlayground/node_modules/@tailwindcss/oxide-wasm32-wasi'
39 silly reify ]
40 silly audit bulk request {
40 silly audit   '@alloc/quick-lru': [ '5.2.0' ],
40 silly audit   '@bazel/runfiles': [ '6.5.0' ],
40 silly audit   '@emnapi/runtime': [ '1.11.3' ],
40 silly audit   '@fast-csv/format': [ '5.0.7' ],
40 silly audit   '@fast-csv/parse': [ '5.0.7' ],
40 silly audit   '@img/colour': [ '1.1.0' ],
40 silly audit   '@img/sharp-darwin-arm64': [ '0.35.3' ],
40 silly audit   '@img/sharp-darwin-x64': [ '0.35.3' ],
40 silly audit   '@img/sharp-freebsd-wasm32': [ '0.35.3' ],
40 silly audit   '@img/sharp-libvips-darwin-arm64': [ '1.3.2' ],
40 silly audit   '@img/sharp-libvips-darwin-x64': [ '1.3.2' ],
40 silly audit   '@img/sharp-libvips-linux-arm': [ '1.3.2' ],
40 silly audit   '@img/sharp-libvips-linux-arm64': [ '1.3.2' ],
40 silly audit   '@img/sharp-libvips-linux-ppc64': [ '1.3.2' ],
40 silly audit   '@img/sharp-libvips-linux-riscv64': [ '1.3.2' ],
40 silly audit   '@img/sharp-libvips-linux-s390x': [ '1.3.2' ],
40 silly audit   '@img/sharp-libvips-linux-x64': [ '1.3.2' ],
40 silly audit   '@img/sharp-libvips-linuxmusl-arm64': [ '1.3.2' ],
40 silly audit   '@img/sharp-libvips-linuxmusl-x64': [ '1.3.2' ],
40 silly audit   '@img/sharp-linux-arm': [ '0.35.3' ],
40 silly audit   '@img/sharp-linux-arm64': [ '0.35.3' ],
40 silly audit   '@img/sharp-linux-ppc64': [ '0.35.3' ],
40 silly audit   '@img/sharp-linux-riscv64': [ '0.35.3' ],
40 silly audit   '@img/sharp-linux-s390x': [ '0.35.3' ],
40 silly audit   '@img/sharp-linux-x64': [ '0.35.3' ],
40 silly audit   '@img/sharp-linuxmusl-arm64': [ '0.35.3' ],
40 silly audit   '@img/sharp-linuxmusl-x64': [ '0.35.3' ],
40 silly audit   '@img/sharp-wasm32': [ '0.35.3' ],
40 silly audit   '@img/sharp-webcontainers-wasm32': [ '0.35.3' ],
40 silly audit   '@img/sharp-win32-arm64': [ '0.35.3' ],
40 silly audit   '@img/sharp-win32-ia32': [ '0.35.3' ],
40 silly audit   '@img/sharp-win32-x64': [ '0.35.3' ],
40 silly audit   '@jridgewell/gen-mapping': [ '0.3.13' ],
40 silly audit   '@jridgewell/remapping': [ '2.3.5' ],
40 silly audit   '@jridgewell/resolve-uri': [ '3.1.2' ],
40 silly audit   '@jridgewell/sourcemap-codec': [ '1.5.5' ],
40 silly audit   '@jridgewell/trace-mapping': [ '0.3.31' ],
40 silly audit   '@lit-labs/ssr-dom-shim': [ '1.6.0' ],
40 silly audit   '@lit/reactive-element': [ '2.1.2' ],
40 silly audit   '@livelike/custom-widgets': [ '1.0.3' ],
40 silly audit   '@livelike/engagementsdk': [ '2.59.1-alpha.0' ],
40 silly audit   '@livelike/widget-elements': [ '1.0.9' ],
40 silly audit   '@next/env': [ '16.3.0' ],
40 silly audit   '@next/swc-darwin-arm64': [ '16.3.0' ],
40 silly audit   '@next/swc-darwin-x64': [ '16.3.0' ],
40 silly audit   '@next/swc-linux-arm64-gnu': [ '16.3.0' ],
40 silly audit   '@next/swc-linux-arm64-musl': [ '16.3.0' ],
40 silly audit   '@next/swc-linux-x64-gnu': [ '16.3.0' ],
40 silly audit   '@next/swc-linux-x64-musl': [ '16.3.0' ],
40 silly audit   '@next/swc-win32-arm64-msvc': [ '16.3.0' ],
40 silly audit   '@next/swc-win32-x64-msvc': [ '16.3.0' ],
40 silly audit   '@swc/helpers': [ '0.5.15' ],
40 silly audit   '@tailwindcss/node': [ '4.3.3' ],
40 silly audit   '@tailwindcss/oxide': [ '4.3.3' ],
40 silly audit   '@tailwindcss/oxide-android-arm64': [ '4.3.3' ],
40 silly audit   '@tailwindcss/oxide-darwin-arm64': [ '4.3.3' ],
40 silly audit   '@tailwindcss/oxide-darwin-x64': [ '4.3.3' ],
40 silly audit   '@tailwindcss/oxide-freebsd-x64': [ '4.3.3' ],
40 silly audit   '@tailwindcss/oxide-linux-arm-gnueabihf': [ '4.3.3' ],
40 silly audit   '@tailwindcss/oxide-linux-arm64-gnu': [ '4.3.3' ],
40 silly audit   '@tailwindcss/oxide-linux-arm64-musl': [ '4.3.3' ],
40 silly audit   '@tailwindcss/oxide-linux-x64-gnu': [ '4.3.3' ],
40 silly audit   '@tailwindcss/oxide-linux-x64-musl': [ '4.3.3' ],
40 silly audit   '@tailwindcss/oxide-win32-arm64-msvc': [ '4.3.3' ],
40 silly audit   '@tailwindcss/oxide-win32-x64-msvc': [ '4.3.3' ],
40 silly audit   '@tailwindcss/postcss': [ '4.3.3' ],
40 silly audit   '@types/node': [ '20.19.43' ],
40 silly audit   '@types/react': [ '19.2.18' ],
40 silly audit   '@types/react-dom': [ '19.2.4' ],
40 silly audit   '@types/trusted-types': [ '2.0.7' ],
40 silly audit   'agent-base': [ '6.0.2' ],
40 silly audit   asynckit: [ '0.4.0' ],
40 silly audit   axios: [ '1.19.0' ],
40 silly audit   'balanced-match': [ '4.0.4' ],
40 silly audit   'baseline-browser-mapping': [ '2.11.12' ],
40 silly audit   'brace-expansion': [ '5.0.9' ],
40 silly audit   'buffer-equal-constant-time': [ '1.0.1' ],
40 silly audit   'call-bind-apply-helpers': [ '1.0.2' ],
40 silly audit   'caniuse-lite': [ '1.0.30001806' ],
40 silly audit   'client-only': [ '0.0.1' ],
40 silly audit   'combined-stream': [ '1.0.8' ],
40 silly audit   'core-util-is': [ '1.0.3' ],
40 silly audit   csstype: [ '3.2.3' ],
40 silly audit   'csv-parser': [ '3.2.1' ],
40 silly audit   debug: [ '4.4.3' ],
40 silly audit   'delayed-stream': [ '1.0.0' ],
40 silly audit   'detect-libc': [ '2.1.2' ],
40 silly audit   'dunder-proto': [ '1.0.1' ],
40 silly audit   'ecdsa-sig-formatter': [ '1.0.11' ],
40 silly audit   'enhanced-resolve': [ '5.24.5' ],
40 silly audit   'es-define-property': [ '1.0.1' ],
40 silly audit   'es-errors': [ '1.3.0' ],
40 silly audit   'es-object-atoms': [ '1.1.2' ],
40 silly audit   'es-set-tostringtag': [ '2.1.0' ],
40 silly audit   'fast-csv': [ '5.0.7' ],
40 silly audit   'follow-redirects': [ '1.16.0' ],
40 silly audit   'form-data': [ '4.0.6' ],
40 silly audit   'function-bind': [ '1.1.2' ],
40 silly audit   'get-intrinsic': [ '1.3.0' ],
40 silly audit   'get-proto': [ '1.0.1' ],
40 silly audit   glob: [ '13.0.6' ],
40 silly audit   gopd: [ '1.2.0' ],
40 silly audit   'graceful-fs': [ '4.2.11' ],
40 silly audit   'has-symbols': [ '1.1.0' ],
40 silly audit   'has-tostringtag': [ '1.0.2' ],
40 silly audit   hasown: [ '2.0.4' ],
40 silly audit   'https-proxy-agent': [ '5.0.1' ],
40 silly audit   'iconv-lite': [ '0.7.3' ],
40 silly audit   immediate: [ '3.0.6' ],
40 silly audit   inherits: [ '2.0.4' ],
40 silly audit   isarray: [ '1.0.0' ],
40 silly audit   jiti: [ '2.7.0' ],
40 silly audit   jsonwebtoken: [ '9.0.3' ],
40 silly audit   jszip: [ '3.10.1' ],
40 silly audit   jwa: [ '2.0.1' ],
40 silly audit   jws: [ '4.0.1' ],
40 silly audit   'jwt-encode': [ '1.0.1' ],
40 silly audit   lie: [ '3.3.0' ],
40 silly audit   lightningcss: [ '1.32.0' ],
40 silly audit   'lightningcss-android-arm64': [ '1.32.0' ],
40 silly audit   'lightningcss-darwin-arm64': [ '1.32.0' ],
40 silly audit   'lightningcss-darwin-x64': [ '1.32.0' ],
40 silly audit   'lightningcss-freebsd-x64': [ '1.32.0' ],
40 silly audit   'lightningcss-linux-arm-gnueabihf': [ '1.32.0' ],
40 silly audit   'lightningcss-linux-arm64-gnu': [ '1.32.0' ],
40 silly audit   'lightningcss-linux-arm64-musl': [ '1.32.0' ],
40 silly audit   'lightningcss-linux-x64-gnu': [ '1.32.0' ],
40 silly audit   'lightningcss-linux-x64-musl': [ '1.32.0' ],
40 silly audit   'lightningcss-win32-arm64-msvc': [ '1.32.0' ],
40 silly audit   'lightningcss-win32-x64-msvc': [ '1.32.0' ],
40 silly audit   lit: [ '3.3.3' ],
40 silly audit   'lit-element': [ '4.2.2' ],
40 silly audit   'lit-html': [ '3.3.3' ],
40 silly audit   'lodash.escaperegexp': [ '4.1.2' ],
40 silly audit   'lodash.groupby': [ '4.6.0' ],
40 silly audit   'lodash.includes': [ '4.3.0' ],
40 silly audit   'lodash.isboolean': [ '3.0.3' ],
40 silly audit   'lodash.isinteger': [ '4.0.4' ],
40 silly audit   'lodash.isnumber': [ '3.0.3' ],
40 silly audit   'lodash.isplainobject': [ '4.0.6' ],
40 silly audit   'lodash.isstring': [ '4.0.1' ],
40 silly audit   'lodash.once': [ '4.1.1' ],
40 silly audit   'lodash.uniq': [ '4.5.0' ],
40 silly audit   'lru-cache': [ '11.5.2' ],
40 silly audit   'magic-string': [ '0.30.21' ],
40 silly audit   'math-intrinsics': [ '1.1.0' ],
40 silly audit   'mime-db': [ '1.52.0' ],
40 silly audit   'mime-types': [ '2.1.35' ],
40 silly audit   minimatch: [ '10.2.6' ],
40 silly audit   minipass: [ '7.1.3' ],
40 silly audit   ms: [ '2.1.3' ],
40 silly audit   nanoid: [ '3.3.17' ],
40 silly audit   next: [ '16.3.0' ],
40 silly audit   postcss: [ '8.5.23', '8.5.25' ],
40 silly audit   pako: [ '1.0.11' ],
40 silly audit   'path-scurry': [ '2.0.2' ],
40 silly audit   picocolors: [ '1.1.1' ],
40 silly audit   'process-nextick-args': [ '2.0.1' ],
40 silly audit   'proxy-from-env': [ '2.1.0' ],
40 silly audit   react: [ '19.1.0' ],
40 silly audit   'react-dom': [ '19.1.0' ],
40 silly audit   'readable-stream': [ '2.3.8' ],
40 silly audit   'safe-buffer': [ '5.1.2', '5.2.1' ],
40 silly audit   'safer-buffer': [ '2.1.2' ],
40 silly audit   scheduler: [ '0.26.0' ],
40 silly audit   'selenium-webdriver': [ '4.46.0' ],
40 silly audit   semver: [ '7.8.5' ],
40 silly audit   setimmediate: [ '1.0.5' ],
40 silly audit   sharp: [ '0.35.3' ],
40 silly audit   'source-map-js': [ '1.2.1' ],
40 silly audit   string_decoder: [ '1.1.1' ],
40 silly audit   'styled-jsx': [ '5.1.6' ],
40 silly audit   tailwindcss: [ '4.3.3' ],
40 silly audit   tapable: [ '2.3.3' ],
40 silly audit   tmp: [ '0.2.7' ],
40 silly audit   'ts.cryptojs256': [ '1.0.1' ],
40 silly audit   tslib: [ '2.8.1' ],
40 silly audit   typescript: [ '5.9.3' ],
40 silly audit   'undici-types': [ '6.21.0' ],
40 silly audit   'util-deprecate': [ '1.0.2' ],
40 silly audit   ws: [ '8.21.2' ],
40 silly audit   'survey-core': [ '3.0.0' ],
40 silly audit   'survey-creator-core': [ '3.0.0' ],
40 silly audit   'survey-creator-react': [ '3.0.0' ],
40 silly audit   'survey-react-ui': [ '3.0.0' ],
40 silly audit   '@tailwindcss/oxide-wasm32-wasi': [ '4.3.3' ]
40 silly audit }
41 verbose reify failed optional dependency /Users/chirag/Desktop/chirag/webSdkPlayground/node_modules/lightningcss-win32-x64-msvc
42 silly reify mark deleted [
42 silly reify   '/Users/chirag/Desktop/chirag/webSdkPlayground/node_modules/lightningcss-win32-x64-msvc'
42 silly reify ]
43 verbose reify failed optional dependency /Users/chirag/Desktop/chirag/webSdkPlayground/node_modules/lightningcss-win32-arm64-msvc
44 silly reify mark deleted [
44 silly reify   '/Users/chirag/Desktop/chirag/webSdkPlayground/node_modules/lightningcss-win32-arm64-msvc'
44 silly reify ]
45 verbose reify failed optional dependency /Users/chirag/Desktop/chirag/webSdkPlayground/node_modules/lightningcss-linux-x64-musl
46 silly reify mark deleted [
46 silly reify   '/Users/chirag/Desktop/chirag/webSdkPlayground/node_modules/lightningcss-linux-x64-musl'
46 silly reify ]
47 verbose reify failed optional dependency /Users/chirag/Desktop/chirag/webSdkPlayground/node_modules/lightningcss-linux-x64-gnu
48 silly reify mark deleted [
48 silly reify   '/Users/chirag/Desktop/chirag/webSdkPlayground/node_modules/lightningcss-linux-x64-gnu'
48 silly reify ]
49 verbose reify failed optional dependency /Users/chirag/Desktop/chirag/webSdkPlayground/node_modules/lightningcss-linux-arm64-musl
50 silly reify mark deleted [
50 silly reify   '/Users/chirag/Desktop/chirag/webSdkPlayground/node_modules/lightningcss-linux-arm64-musl'
50 silly reify ]
51 verbose reify failed optional dependency /Users/chirag/Desktop/chirag/webSdkPlayground/node_modules/lightningcss-linux-arm64-gnu
52 silly reify mark deleted [
52 silly reify   '/Users/chirag/Desktop/chirag/webSdkPlayground/node_modules/lightningcss-linux-arm64-gnu'
52 silly reify ]
53 verbose reify failed optional dependency /Users/chirag/Desktop/chirag/webSdkPlayground/node_modules/lightningcss-linux-arm-gnueabihf
54 silly reify mark deleted [
54 silly reify   '/Users/chirag/Desktop/chirag/webSdkPlayground/node_modules/lightningcss-linux-arm-gnueabihf'
54 silly reify ]
55 verbose reify failed optional dependency /Users/chirag/Desktop/chirag/webSdkPlayground/node_modules/lightningcss-freebsd-x64
56 silly reify mark deleted [
56 silly reify   '/Users/chirag/Desktop/chirag/webSdkPlayground/node_modules/lightningcss-freebsd-x64'
56 silly reify ]
57 verbose reify failed optional dependency /Users/chirag/Desktop/chirag/webSdkPlayground/node_modules/lightningcss-darwin-x64
58 silly reify mark deleted [
58 silly reify   '/Users/chirag/Desktop/chirag/webSdkPlayground/node_modules/lightningcss-darwin-x64'
58 silly reify ]
59 verbose reify failed optional dependency /Users/chirag/Desktop/chirag/webSdkPlayground/node_modules/lightningcss-android-arm64
60 silly reify mark deleted [
60 silly reify   '/Users/chirag/Desktop/chirag/webSdkPlayground/node_modules/lightningcss-android-arm64'
60 silly reify ]
61 verbose reify failed optional dependency /Users/chirag/Desktop/chirag/webSdkPlayground/node_modules/@tailwindcss/oxide-win32-x64-msvc
62 silly reify mark deleted [
62 silly reify   '/Users/chirag/Desktop/chirag/webSdkPlayground/node_modules/@tailwindcss/oxide-win32-x64-msvc'
62 silly reify ]
63 verbose reify failed optional dependency /Users/chirag/Desktop/chirag/webSdkPlayground/node_modules/@tailwindcss/oxide-win32-arm64-msvc
64 silly reify mark deleted [
64 silly reify   '/Users/chirag/Desktop/chirag/webSdkPlayground/node_modules/@tailwindcss/oxide-win32-arm64-msvc'
64 silly reify ]
65 verbose reify failed optional dependency /Users/chirag/Desktop/chirag/webSdkPlayground/node_modules/@tailwindcss/oxide-linux-x64-musl
66 silly reify mark deleted [
66 silly reify   '/Users/chirag/Desktop/chirag/webSdkPlayground/node_modules/@tailwindcss/oxide-linux-x64-musl'
66 silly reify ]
67 verbose reify failed optional dependency /Users/chirag/Desktop/chirag/webSdkPlayground/node_modules/@tailwindcss/oxide-linux-x64-gnu
68 silly reify mark deleted [
68 silly reify   '/Users/chirag/Desktop/chirag/webSdkPlayground/node_modules/@tailwindcss/oxide-linux-x64-gnu'
68 silly reify ]
69 verbose reify failed optional dependency /Users/chirag/Desktop/chirag/webSdkPlayground/node_modules/@tailwindcss/oxide-linux-arm64-musl
70 silly reify mark deleted [
70 silly reify   '/Users/chirag/Desktop/chirag/webSdkPlayground/node_modules/@tailwindcss/oxide-linux-arm64-musl'
70 silly reify ]
71 verbose reify failed optional dependency /Users/chirag/Desktop/chirag/webSdkPlayground/node_modules/@tailwindcss/oxide-linux-arm64-gnu
72 silly reify mark deleted [
72 silly reify   '/Users/chirag/Desktop/chirag/webSdkPlayground/node_modules/@tailwindcss/oxide-linux-arm64-gnu'
72 silly reify ]
73 verbose reify failed optional dependency /Users/chirag/Desktop/chirag/webSdkPlayground/node_modules/@tailwindcss/oxide-linux-arm-gnueabihf
74 silly reify mark deleted [
74 silly reify   '/Users/chirag/Desktop/chirag/webSdkPlayground/node_modules/@tailwindcss/oxide-linux-arm-gnueabihf'
74 silly reify ]
75 verbose reify failed optional dependency /Users/chirag/Desktop/chirag/webSdkPlayground/node_modules/@tailwindcss/oxide-freebsd-x64
76 silly reify mark deleted [
76 silly reify   '/Users/chirag/Desktop/chirag/webSdkPlayground/node_modules/@tailwindcss/oxide-freebsd-x64'
76 silly reify ]
77 verbose reify failed optional dependency /Users/chirag/Desktop/chirag/webSdkPlayground/node_modules/@tailwindcss/oxide-darwin-x64
78 silly reify mark deleted [
78 silly reify   '/Users/chirag/Desktop/chirag/webSdkPlayground/node_modules/@tailwindcss/oxide-darwin-x64'
78 silly reify ]
79 verbose reify failed optional dependency /Users/chirag/Desktop/chirag/webSdkPlayground/node_modules/@tailwindcss/oxide-android-arm64
80 silly reify mark deleted [
80 silly reify   '/Users/chirag/Desktop/chirag/webSdkPlayground/node_modules/@tailwindcss/oxide-android-arm64'
80 silly reify ]
81 verbose reify failed optional dependency /Users/chirag/Desktop/chirag/webSdkPlayground/node_modules/@next/swc-win32-x64-msvc
82 silly reify mark deleted [
82 silly reify   '/Users/chirag/Desktop/chirag/webSdkPlayground/node_modules/@next/swc-win32-x64-msvc'
82 silly reify ]
83 verbose reify failed optional dependency /Users/chirag/Desktop/chirag/webSdkPlayground/node_modules/@next/swc-win32-arm64-msvc
84 silly reify mark deleted [
84 silly reify   '/Users/chirag/Desktop/chirag/webSdkPlayground/node_modules/@next/swc-win32-arm64-msvc'
84 silly reify ]
85 verbose reify failed optional dependency /Users/chirag/Desktop/chirag/webSdkPlayground/node_modules/@next/swc-linux-x64-musl
86 silly reify mark deleted [
86 silly reify   '/Users/chirag/Desktop/chirag/webSdkPlayground/node_modules/@next/swc-linux-x64-musl'
86 silly reify ]
87 verbose reify failed optional dependency /Users/chirag/Desktop/chirag/webSdkPlayground/node_modules/@next/swc-linux-x64-gnu
88 silly reify mark deleted [
88 silly reify   '/Users/chirag/Desktop/chirag/webSdkPlayground/node_modules/@next/swc-linux-x64-gnu'
88 silly reify ]
89 verbose reify failed optional dependency /Users/chirag/Desktop/chirag/webSdkPlayground/node_modules/@next/swc-linux-arm64-musl
90 silly reify mark deleted [
90 silly reify   '/Users/chirag/Desktop/chirag/webSdkPlayground/node_modules/@next/swc-linux-arm64-musl'
90 silly reify ]
91 verbose reify failed optional dependency /Users/chirag/Desktop/chirag/webSdkPlayground/node_modules/@next/swc-linux-arm64-gnu
92 silly reify mark deleted [
92 silly reify   '/Users/chirag/Desktop/chirag/webSdkPlayground/node_modules/@next/swc-linux-arm64-gnu'
92 silly reify ]
93 verbose reify failed optional dependency /Users/chirag/Desktop/chirag/webSdkPlayground/node_modules/@next/swc-darwin-x64
94 silly reify mark deleted [
94 silly reify   '/Users/chirag/Desktop/chirag/webSdkPlayground/node_modules/@next/swc-darwin-x64'
94 silly reify ]
95 verbose reify failed optional dependency /Users/chirag/Desktop/chirag/webSdkPlayground/node_modules/@img/sharp-win32-x64
96 silly reify mark deleted [
96 silly reify   '/Users/chirag/Desktop/chirag/webSdkPlayground/node_modules/@img/sharp-win32-x64'
96 silly reify ]
97 verbose reify failed optional dependency /Users/chirag/Desktop/chirag/webSdkPlayground/node_modules/@img/sharp-win32-ia32
98 silly reify mark deleted [
98 silly reify   '/Users/chirag/Desktop/chirag/webSdkPlayground/node_modules/@img/sharp-win32-ia32'
98 silly reify ]
99 verbose reify failed optional dependency /Users/chirag/Desktop/chirag/webSdkPlayground/node_modules/@img/sharp-win32-arm64
100 silly reify mark deleted [
100 silly reify   '/Users/chirag/Desktop/chirag/webSdkPlayground/node_modules/@img/sharp-win32-arm64'
100 silly reify ]
101 verbose reify failed optional dependency /Users/chirag/Desktop/chirag/webSdkPlayground/node_modules/@img/sharp-webcontainers-wasm32
102 silly reify mark deleted [
102 silly reify   '/Users/chirag/Desktop/chirag/webSdkPlayground/node_modules/@img/sharp-webcontainers-wasm32'
102 silly reify ]
103 verbose reify failed optional dependency /Users/chirag/Desktop/chirag/webSdkPlayground/node_modules/@img/sharp-linuxmusl-x64
104 silly reify mark deleted [
104 silly reify   '/Users/chirag/Desktop/chirag/webSdkPlayground/node_modules/@img/sharp-linuxmusl-x64'
104 silly reify ]
105 verbose reify failed optional dependency /Users/chirag/Desktop/chirag/webSdkPlayground/node_modules/@img/sharp-linuxmusl-arm64
106 silly reify mark deleted [
106 silly reify   '/Users/chirag/Desktop/chirag/webSdkPlayground/node_modules/@img/sharp-linuxmusl-arm64'
106 silly reify ]
107 verbose reify failed optional dependency /Users/chirag/Desktop/chirag/webSdkPlayground/node_modules/@img/sharp-linux-x64
108 silly reify mark deleted [
108 silly reify   '/Users/chirag/Desktop/chirag/webSdkPlayground/node_modules/@img/sharp-linux-x64'
108 silly reify ]
109 verbose reify failed optional dependency /Users/chirag/Desktop/chirag/webSdkPlayground/node_modules/@img/sharp-linux-s390x
110 silly reify mark deleted [
110 silly reify   '/Users/chirag/Desktop/chirag/webSdkPlayground/node_modules/@img/sharp-linux-s390x'
110 silly reify ]
111 verbose reify failed optional dependency /Users/chirag/Desktop/chirag/webSdkPlayground/node_modules/@img/sharp-linux-riscv64
112 silly reify mark deleted [
112 silly reify   '/Users/chirag/Desktop/chirag/webSdkPlayground/node_modules/@img/sharp-linux-riscv64'
112 silly reify ]
113 verbose reify failed optional dependency /Users/chirag/Desktop/chirag/webSdkPlayground/node_modules/@img/sharp-linux-ppc64
114 silly reify mark deleted [
114 silly reify   '/Users/chirag/Desktop/chirag/webSdkPlayground/node_modules/@img/sharp-linux-ppc64'
114 silly reify ]
115 verbose reify failed optional dependency /Users/chirag/Desktop/chirag/webSdkPlayground/node_modules/@img/sharp-linux-arm64
116 silly reify mark deleted [
116 silly reify   '/Users/chirag/Desktop/chirag/webSdkPlayground/node_modules/@img/sharp-linux-arm64'
116 silly reify ]
117 verbose reify failed optional dependency /Users/chirag/Desktop/chirag/webSdkPlayground/node_modules/@img/sharp-linux-arm
118 silly reify mark deleted [
118 silly reify   '/Users/chirag/Desktop/chirag/webSdkPlayground/node_modules/@img/sharp-linux-arm'
118 silly reify ]
119 verbose reify failed optional dependency /Users/chirag/Desktop/chirag/webSdkPlayground/node_modules/@img/sharp-libvips-linuxmusl-x64
120 silly reify mark deleted [
120 silly reify   '/Users/chirag/Desktop/chirag/webSdkPlayground/node_modules/@img/sharp-libvips-linuxmusl-x64'
120 silly reify ]
121 verbose reify failed optional dependency /Users/chirag/Desktop/chirag/webSdkPlayground/node_modules/@img/sharp-libvips-linuxmusl-arm64
122 silly reify mark deleted [
122 silly reify   '/Users/chirag/Desktop/chirag/webSdkPlayground/node_modules/@img/sharp-libvips-linuxmusl-arm64'
122 silly reify ]
123 verbose reify failed optional dependency /Users/chirag/Desktop/chirag/webSdkPlayground/node_modules/@img/sharp-libvips-linux-x64
124 silly reify mark deleted [
124 silly reify   '/Users/chirag/Desktop/chirag/webSdkPlayground/node_modules/@img/sharp-libvips-linux-x64'
124 silly reify ]
125 verbose reify failed optional dependency /Users/chirag/Desktop/chirag/webSdkPlayground/node_modules/@img/sharp-libvips-linux-s390x
126 silly reify mark deleted [
126 silly reify   '/Users/chirag/Desktop/chirag/webSdkPlayground/node_modules/@img/sharp-libvips-linux-s390x'
126 silly reify ]
127 verbose reify failed optional dependency /Users/chirag/Desktop/chirag/webSdkPlayground/node_modules/@img/sharp-libvips-linux-riscv64
128 silly reify mark deleted [
128 silly reify   '/Users/chirag/Desktop/chirag/webSdkPlayground/node_modules/@img/sharp-libvips-linux-riscv64'
128 silly reify ]
129 verbose reify failed optional dependency /Users/chirag/Desktop/chirag/webSdkPlayground/node_modules/@img/sharp-libvips-linux-ppc64
130 silly reify mark deleted [
130 silly reify   '/Users/chirag/Desktop/chirag/webSdkPlayground/node_modules/@img/sharp-libvips-linux-ppc64'
130 silly reify ]
131 verbose reify failed optional dependency /Users/chirag/Desktop/chirag/webSdkPlayground/node_modules/@img/sharp-libvips-linux-arm64
132 silly reify mark deleted [
132 silly reify   '/Users/chirag/Desktop/chirag/webSdkPlayground/node_modules/@img/sharp-libvips-linux-arm64'
132 silly reify ]
133 verbose reify failed optional dependency /Users/chirag/Desktop/chirag/webSdkPlayground/node_modules/@img/sharp-libvips-linux-arm
134 silly reify mark deleted [
134 silly reify   '/Users/chirag/Desktop/chirag/webSdkPlayground/node_modules/@img/sharp-libvips-linux-arm'
134 silly reify ]
135 verbose reify failed optional dependency /Users/chirag/Desktop/chirag/webSdkPlayground/node_modules/@img/sharp-libvips-darwin-x64
136 silly reify mark deleted [
136 silly reify   '/Users/chirag/Desktop/chirag/webSdkPlayground/node_modules/@img/sharp-libvips-darwin-x64'
136 silly reify ]
137 verbose reify failed optional dependency /Users/chirag/Desktop/chirag/webSdkPlayground/node_modules/@img/sharp-freebsd-wasm32
138 silly reify mark deleted [
138 silly reify   '/Users/chirag/Desktop/chirag/webSdkPlayground/node_modules/@img/sharp-freebsd-wasm32'
138 silly reify ]
139 verbose reify failed optional dependency /Users/chirag/Desktop/chirag/webSdkPlayground/node_modules/@img/sharp-darwin-x64
140 silly reify mark deleted [
140 silly reify   '/Users/chirag/Desktop/chirag/webSdkPlayground/node_modules/@img/sharp-darwin-x64'
140 silly reify ]
141 http fetch POST 200 https://registry.npmjs.org/-/npm/v1/security/advisories/bulk 280ms
142 silly audit report {}
143 silly ADD node_modules/lightningcss-win32-x64-msvc
144 silly ADD node_modules/lightningcss-win32-arm64-msvc
145 silly ADD node_modules/lightningcss-linux-x64-musl
146 silly ADD node_modules/lightningcss-linux-x64-gnu
147 silly ADD node_modules/lightningcss-linux-arm64-musl
148 silly ADD node_modules/lightningcss-linux-arm64-gnu
149 silly ADD node_modules/lightningcss-linux-arm-gnueabihf
150 silly ADD node_modules/lightningcss-freebsd-x64
151 silly ADD node_modules/lightningcss-darwin-x64
152 silly ADD node_modules/lightningcss-android-arm64
153 silly ADD node_modules/@tailwindcss/oxide-win32-x64-msvc
154 silly ADD node_modules/@tailwindcss/oxide-win32-arm64-msvc
155 silly ADD node_modules/@tailwindcss/oxide-wasm32-wasi
156 silly ADD node_modules/@tailwindcss/oxide-linux-x64-musl
157 silly ADD node_modules/@tailwindcss/oxide-linux-x64-gnu
158 silly ADD node_modules/@tailwindcss/oxide-linux-arm64-musl
159 silly ADD node_modules/@tailwindcss/oxide-linux-arm64-gnu
160 silly ADD node_modules/@tailwindcss/oxide-linux-arm-gnueabihf
161 silly ADD node_modules/@tailwindcss/oxide-freebsd-x64
162 silly ADD node_modules/@tailwindcss/oxide-darwin-x64
163 silly ADD node_modules/@tailwindcss/oxide-android-arm64
164 silly ADD node_modules/@next/swc-win32-x64-msvc
165 silly ADD node_modules/@next/swc-win32-arm64-msvc
166 silly ADD node_modules/@next/swc-linux-x64-musl
167 silly ADD node_modules/@next/swc-linux-x64-gnu
168 silly ADD node_modules/@next/swc-linux-arm64-musl
169 silly ADD node_modules/@next/swc-linux-arm64-gnu
170 silly ADD node_modules/@next/swc-darwin-x64
171 silly ADD node_modules/@img/sharp-win32-x64
172 silly ADD node_modules/@img/sharp-win32-ia32
173 silly ADD node_modules/@img/sharp-win32-arm64
174 silly ADD node_modules/@img/sharp-webcontainers-wasm32
175 silly ADD node_modules/@img/sharp-linuxmusl-x64
176 silly ADD node_modules/@img/sharp-linuxmusl-arm64
177 silly ADD node_modules/@img/sharp-linux-x64
178 silly ADD node_modules/@img/sharp-linux-s390x
179 silly ADD node_modules/@img/sharp-linux-riscv64
180 silly ADD node_modules/@img/sharp-linux-ppc64
181 silly ADD node_modules/@img/sharp-linux-arm64
182 silly ADD node_modules/@img/sharp-linux-arm
183 silly ADD node_modules/@img/sharp-libvips-linuxmusl-x64
184 silly ADD node_modules/@img/sharp-libvips-linuxmusl-arm64
185 silly ADD node_modules/@img/sharp-libvips-linux-x64
186 silly ADD node_modules/@img/sharp-libvips-linux-s390x
187 silly ADD node_modules/@img/sharp-libvips-linux-riscv64
188 silly ADD node_modules/@img/sharp-libvips-linux-ppc64
189 silly ADD node_modules/@img/sharp-libvips-linux-arm64
190 silly ADD node_modules/@img/sharp-libvips-linux-arm
191 silly ADD node_modules/@img/sharp-libvips-darwin-x64
192 silly ADD node_modules/@img/sharp-freebsd-wasm32
193 silly ADD node_modules/@img/sharp-darwin-x64
194 verbose cwd /Users/chirag/Desktop/chirag/webSdkPlayground
195 verbose os Darwin 25.5.0
196 verbose node v22.19.0
197 verbose npm  v11.6.0
198 notice
198 notice New [33mminor[39m version of npm available! [33m11.6.0[39m -> [34m11.19.0[39m
198 notice Changelog: [34mhttps://github.com/npm/cli/releases/tag/v11.19.0[39m
198 notice To update run: [4mnpm install -g npm@11.19.0[24m
198 notice  { force: true, [Symbol(proc-log.meta)]: true }
199 verbose exit 0
200 info ok
